engineres/techniques/notexture.xml
engineres/particle/common/techniques/diffunlitparticlealpha.xml
engineres/particle/common/techniques/diffunlitmeshparticlealpha.xml
engineres/techniques/diffunlit.xml
editor/techniques/pbr_packednormal/defaultmetallicroughness.xml
engineres/particle/common/materials/orientparticle.tga
engineres/particle/common/materials/defaultdiffuse.png
textures/stars.png
engineres/particle/common/materials/dissolvemask.jpg
characters/_user/jilulu_71kc/textures/t_giruru_cloth_d.tga
characters/_user/jilulu_71kc/textures/t_giruru_cloth_n.tga
characters/_user/jilulu_71kc/textures/default_mix_n.tga
characters/_user/jilulu_71kc/textures/default_white.png
characters/_user/jilulu_71kc/textures/t_giruru_head_d.tga
characters/_user/jilulu_71kc/textures/t_giruru_head_n.tga
characters/_user/jilulu_71kc/textures/t_giruru_eyelash_d.tga
characters/_user/jilulu_71kc/textures/t_default_grid.tga
characters/_user/jilulu_71kc/textures/t_giruru_eyes_d.tga
characters/_user/jilulu_71kc/textures/t_giruru_hair_d.tga
characters/_user/jilulu_71kc/textures/t_giruru_body_d.tga
characters/_user/jilulu_71kc/textures/t_giruru_body_n.tga
engineres/particle/common/materials/alphamaterial.material
engineres/particle/common/materials/alphamesh.material
engineres/particle/common/materials/defaultmesh.material
engineres/particle/common/materials/defaultmeshrgba.material
engineres/particle/common/materials/defaultsprite.material
engineres/particle/common/materials/empty.material
characters/_user/jilulu_71kc/materials/sk_giruru_jm.material
characters/_user/jilulu_71kc/materials/sk_giruru_jm1.material
characters/_user/jilulu_71kc/materials/sk_giruru_jm2.material
characters/_user/jilulu_71kc/materials/sk_giruru_jm3.material
characters/_user/jilulu_71kc/materials/sk_giruru_jm4.material
characters/_user/jilulu_71kc/materials/sk_giruru_jm5.material
characters/_user/jilulu_71kc/moblod.xml
characters/_user/jilulu_71kc/textures/default_mix_n.xml
characters/_user/jilulu_71kc/textures/default_white.xml
characters/_user/jilulu_71kc/textures/t_default_grid.xml
characters/_user/jilulu_71kc/textures/t_giruru_body_d.xml
characters/_user/jilulu_71kc/textures/t_giruru_cloth_d.xml
characters/_user/jilulu_71kc/textures/t_giruru_eyes_d.xml
characters/_user/jilulu_71kc/textures/t_giruru_hair_d.xml
characters/_user/jilulu_71kc/textures/t_giruru_head_d.xml
characters/_user/jilulu_71kc/anim/attack_01.ani
characters/_user/jilulu_71kc/anim/attack_02.ani
characters/_user/jilulu_71kc/anim/die.ani
characters/_user/jilulu_71kc/anim/idle.ani
characters/_user/jilulu_71kc/anim/idle_relax.ani
characters/_user/jilulu_71kc/anim/move.ani
characters/_user/jilulu_71kc/anim/skill_01.ani
characters/_user/jilulu_71kc/anim/victory.ani
characters/_user/jilulu_71kc/anim/weak.ani
characters/_user/jilulu_71kc/model.prefab
characters/_user/jilulu_71kc/model/m.mdl
characters/_user/jilulu_71kc/anim/attack_01.ani
characters/_user/jilulu_71kc/anim/attack_02.ani
characters/_user/jilulu_71kc/anim/die.ani
characters/_user/jilulu_71kc/anim/idle.ani
characters/_user/jilulu_71kc/anim/idle_relax.ani
characters/_user/jilulu_71kc/anim/move.ani
characters/_user/jilulu_71kc/anim/skill_01.ani
characters/_user/jilulu_71kc/anim/victory.ani
characters/_user/jilulu_71kc/anim/weak.ani
